=== Fase 1: publicacoes (2025-01-01 a 2026-09-12, modalidades [6, 7, 8]) ===
  [publicacoes] mod=7 janela=2026-02-04..2026-02-10 pagina=1/1 registros_pagina=0
  [publicacoes] mod=8 janela=2025-07-30..2025-08-05 pagina=1/1 registros_pagina=19
  [publicacoes] mod=8 janela=2025-08-06..2025-08-12 pagina=1/1 registros_pagina=17
  [publicacoes] mod=8 janela=2025-08-20..2025-08-26 pagina=1/1 registros_pagina=18
=== Fase 2: itens ===
  [itens] 00394452000103-1-011165/2026 -> 10 itens (aceitos=0 quarentena=0 excluidos=10)
  [itens] 34868257000181-1-000026/2026 -> 1 itens (aceitos=0 quarentena=0 excluidos=1)
  [itens] 23086176000103-1-000016/2026 -> 1 itens (aceitos=0 quarentena=0 excluidos=1)
  [itens] 34868257000181-1-000027/2026 -> 1 itens (aceitos=0 quarentena=0 excluidos=1)
  [itens] 01517658000138-1-000007/2025 -> 1 itens (aceitos=0 quarentena=0 excluidos=1)
  [itens] 34868257000181-1-000029/2026 -> 1 itens (aceitos=0 quarentena=0 excluidos=1)
  [itens] 34868257000181-1-000030/2026 -> 1 itens (aceitos=0 quarentena=0 excluidos=1)
  [itens] 34869354000199-1-000061/2026 -> 1 itens (aceitos=0 quarentena=0 excluidos=1)
  [itens] 10820882000195-1-000021/2026 -> 1 itens (aceitos=0 quarentena=0 excluidos=1)
  [itens] 00508903000188-1-001094/2026 -> 1 itens (aceitos=0 quarentena=0 excluidos=1)
  [itens] 34868257000181-1-000031/2026 -> 1 itens (aceitos=0 quarentena=0 excluidos=1)
  [itens] 50956623000100-1-000004/2026 -> 10 itens (aceitos=0 quarentena=0 excluidos=10)
  [itens] 34869354000199-1-000062/2026 -> 6 itens (aceitos=0 quarentena=0 excluidos=6)
  [itens] 11778653000112-1-000011/2026 -> 1 itens (aceitos=0 quarentena=0 excluidos=1)
  [itens] 00348003000110-1-000358/2026 -> 1 itens (aceitos=0 quarentena=0 excluidos=1)
  [itens] 50956623000100-1-000005/2026 -> 10 itens (aceitos=0 quarentena=0 excluidos=10)
  [itens] 11707402000147-1-000012/2026 -> 1 itens (aceitos=0 quarentena=0 excluidos=1)
  [itens] 00348003000110-1-000360/2026 -> 9 itens (aceitos=0 quarentena=0 excluidos=9)
  [itens] 00348003000110-1-000361/2026 -> 1 itens (aceitos=0 quarentena=0 excluidos=1)
  [itens] 00348003000110-1-000362/2026 -> 1 itens (aceitos=0 quarentena=0 excluidos=1)
  [itens] 00348003000110-1-000363/2026 -> 4 itens (aceitos=0 quarentena=0 excluidos=4)
  [itens] 00348003000110-1-000364/2026 -> 1 itens (aceitos=0 quarentena=0 excluidos=1)
  [itens] 00348003000110-1-000368/2026 -> 1 itens (aceitos=0 quarentena=0 excluidos=1)
  [itens] 34870246000136-1-000046/2026 -> 7 itens (aceitos=0 quarentena=0 excluidos=7)
  [itens] 00348003000110-1-000369/2026 -> 2 itens (aceitos=0 quarentena=0 excluidos=2)
  [itens] 00508903000188-1-001109/2026 -> 3 itens (aceitos=2 quarentena=0 excluidos=1)
  [itens] 34868257000181-1-000032/2026 -> 1 itens (aceitos=0 quarentena=0 excluidos=1)
  [itens] 34868257000181-1-000033/2026 -> 1 itens (aceitos=0 quarentena=0 excluidos=1)
  [itens] 34868257000181-1-000034/2026 -> 1 itens (aceitos=0 quarentena=0 excluidos=1)
  [itens] 34943480000146-1-000005/2026 -> 1 itens (aceitos=0 quarentena=0 excluidos=1)
  [itens] 34868257000181-1-000035/2026 -> 1 itens (aceitos=0 quarentena=0 excluidos=1)
  [itens] 34868257000181-1-000036/2026 -> 1 itens (aceitos=0 quarentena=0 excluidos=1)
  [itens] 34870576000121-1-000055/2026 -> 1 itens (aceitos=0 quarentena=0 excluidos=1)
  [itens] 01002322000132-1-000020/2026 -> 1 itens (aceitos=0 quarentena=0 excluidos=1)
  [itens] 11762219000144-1-000003/2026 -> 1 itens (aceitos=0 quarentena=0 excluidos=1)
  [itens] 23086176000103-1-000017/2026 -> 10 itens (aceitos=0 quarentena=0 excluidos=10)
  [itens] 00394577000559-1-000003/2026 -> 4 itens (aceitos=0 quarentena=0 excluidos=4)
  [itens] 00508903000188-1-001124/2026 -> 1 itens (aceitos=0 quarentena=0 excluidos=1)
  [itens] 34870576000121-1-000057/2026 -> 1 itens (aceitos=0 quarentena=0 excluidos=1)
  [itens] 33787094000140-1-000209/2026 -> 1 itens (aceitos=0 quarentena=0 excluidos=1)
  [itens] 00508903000188-1-001135/2026 -> 2 itens (aceitos=0 quarentena=0 excluidos=2)
  [itens] 34870246000136-1-000049/2026 -> 1 itens (aceitos=0 quarentena=0 excluidos=1)
  [itens] 34870246000136-1-000050/2026 -> 1 itens (aceitos=0 quarentena=0 excluidos=1)
  [itens] 00399857000126-1-000166/2026 -> 2 itens (aceitos=0 quarentena=0 excluidos=2)
  [itens] 00394577000206-1-000010/2026 -> 1 itens (aceitos=0 quarentena=0 excluidos=1)
  [itens] 34943480000146-1-000006/2026 -> 1 itens (aceitos=0 quarentena=0 excluidos=1)
  [itens] 84408731000160-1-000004/2026 -> 1 itens (aceitos=0 quarentena=0 excluidos=1)
  [itens] 03204421000122-1-000124/2026 -> 1 itens (aceitos=0 quarentena=0 excluidos=1)
  [itens] 11762237000126-1-000008/2026 -> 3 itens (aceitos=0 quarentena=0 excluidos=3)
  [itens] 00399857000126-1-000167/2026 -> 2 itens (aceitos=0 quarentena=0 excluidos=2)
  [itens] 00394452000103-1-011932/2026 -> 1 itens (aceitos=0 quarentena=0 excluidos=1)
  [itens] 34927343000118-1-000038/2026 -> 1 itens (aceitos=0 quarentena=0 excluidos=1)
  [itens] 84408731000160-1-000005/2026 -> 1 itens (aceitos=0 quarentena=0 excluidos=1)
  [itens] 10820882000195-1-000022/2026 -> 1 itens (aceitos=0 quarentena=0 excluidos=1)
  [itens] 50956623000100-1-000006/2026 -> 1 itens (aceitos=0 quarentena=0 excluidos=1)
  [itens] 11762179000130-1-000025/2026 -> 1 itens (aceitos=0 quarentena=0 excluidos=1)
  [itens] 00394452000103-1-012141/2026 -> 1 itens (aceitos=0 quarentena=0 excluidos=1)
  [itens] 00593411000138-1-000004/2026 -> 10 itens (aceitos=0 quarentena=0 excluidos=10)
  [itens] 34925099000154-1-000002/2026 -> 6 itens (aceitos=0 quarentena=0 excluidos=6)
  [itens] 11762237000126-1-000010/2026 -> 1 itens (aceitos=0 quarentena=0 excluidos=1)
  [itens] 34869354000199-1-000070/2026 -> 1 itens (aceitos=0 quarentena=0 excluidos=1)
  [itens] 34870576000121-1-000063/2026 -> 10 itens (aceitos=0 quarentena=0 excluidos=10)
  [itens] 34868257000181-1-000041/2026 -> 10 itens (aceitos=0 quarentena=0 excluidos=10)
  [itens] 34868257000181-1-000042/2026 -> 1 itens (aceitos=0 quarentena=0 excluidos=1)
  [itens] 50956623000100-1-000007/2026 -> 10 itens (aceitos=2 quarentena=0 excluidos=8)
  [itens] 03659166001931-1-000159/2026 -> 10 itens (aceitos=0 quarentena=0 excluidos=10)
  [itens] 34868257000181-1-000043/2026 -> 3 itens (aceitos=0 quarentena=0 excluidos=3)
  [itens] 00394452000103-1-012603/2026 -> 1 itens (aceitos=0 quarentena=0 excluidos=1)
  [itens] 84408731000160-1-000006/2026 -> 2 itens (aceitos=0 quarentena=0 excluidos=2)
  [itens] 11778653000112-1-000012/2026 -> 1 itens (aceitos=0 quarentena=0 excluidos=1)
  [itens] 11633713000109-1-000006/2026 -> 1 itens (aceitos=0 quarentena=0 excluidos=1)
  [itens] 34865584000180-1-000008/2026 -> 1 itens (aceitos=0 quarentena=0 excluidos=1)
  [itens] 34869354000199-1-000073/2026 -> 1 itens (aceitos=0 quarentena=0 excluidos=1)
  [itens] 34869354000199-1-000075/2026 -> 1 itens (aceitos=0 quarentena=0 excluidos=1)
  [itens] 00394452000103-1-012758/2026 -> 1 itens (aceitos=0 quarentena=0 excluidos=1)
  [itens] 34868257000181-1-000044/2026 -> 1 itens (aceitos=0 quarentena=0 excluidos=1)
  [itens] 00394452000103-1-012814/2026 -> 5 itens (aceitos=0 quarentena=0 excluidos=5)
  [itens] 00394544000185-1-001364/2026 -> 1 itens (aceitos=0 quarentena=0 excluidos=1)
  [itens] 11762179000130-1-000027/2026 -> 1 itens (aceitos=0 quarentena=0 excluidos=1)
  [itens] 34870576000121-1-000065/2026 -> 2 itens (aceitos=0 quarentena=0 excluidos=2)
  [itens] 14846532000159-1-000006/2026 -> 1 itens (aceitos=0 quarentena=0 excluidos=1)
  [itens] 00508903000188-1-001276/2026 -> 6 itens (aceitos=0 quarentena=0 excluidos=6)
  [itens] 34870576000121-1-000066/2026 -> 1 itens (aceitos=0 quarentena=0 excluidos=1)
  [itens] 14846532000159-1-000007/2026 -> 1 itens (aceitos=0 quarentena=0 excluidos=1)
  [itens] 84416247000183-1-000009/2026 -> 1 itens (aceitos=0 quarentena=0 excluidos=1)
  [itens] 50956623000100-1-000008/2026 -> 1 itens (aceitos=0 quarentena=0 excluidos=1)
  [itens] 84408731000160-1-000007/2026 -> 7 itens (aceitos=0 quarentena=0 excluidos=7)
  [itens] 00508903000188-1-001318/2026 -> 1 itens (aceitos=0 quarentena=0 excluidos=1)
  [itens] 11762237000126-1-000011/2026 -> 3 itens (aceitos=0 quarentena=0 excluidos=3)
  [itens] 00394452000103-1-013456/2026 -> 2 itens (aceitos=0 quarentena=0 excluidos=2)
  [itens] 34868257000181-1-000045/2026 -> 1 itens (aceitos=0 quarentena=0 excluidos=1)
  [itens] 15126437000305-1-002658/2026 -> 10 itens (aceitos=0 quarentena=0 excluidos=10)
  [itens] 00399857000126-1-000192/2026 -> 1 itens (aceitos=0 quarentena=0 excluidos=1)
  [itens] 00508903000188-1-001339/2026 -> 1 itens (aceitos=0 quarentena=0 excluidos=1)
  [itens] 00508903000188-1-001340/2026 -> 1 itens (aceitos=0 quarentena=0 excluidos=1)
  [itens] 10820882000195-1-000024/2026 -> 2 itens (aceitos=0 quarentena=0 excluidos=2)
  [itens] 34870576000121-1-000067/2026 -> 7 itens (aceitos=0 quarentena=0 excluidos=7)
  [itens] 05995766000177-1-000022/2026 -> 10 itens (aceitos=0 quarentena=0 excluidos=10)
  [itens] 34865584000180-1-000009/2026 -> 1 itens (aceitos=0 quarentena=0 excluidos=1)
  [itens] 03659166002156-1-000001/2026 -> 1 itens (aceitos=0 quarentena=0 excluidos=1)
  [itens] 34868257000181-1-000047/2026 -> 1 itens (aceitos=0 quarentena=0 excluidos=1)
  [itens] 00743471000190-1-000002/2026 -> 1 itens (aceitos=0 quarentena=0 excluidos=1)
  [itens] 07217693000118-1-000003/2026 -> 1 itens (aceitos=0 quarentena=0 excluidos=1)
  [itens] 34870576000121-1-000068/2026 -> 1 itens (aceitos=0 quarentena=0 excluidos=1)
  [itens] 34868257000181-1-000048/2026 -> 1 itens (aceitos=0 quarentena=0 excluidos=1)
  [itens] 07217693000118-1-000004/2026 -> 3 itens (aceitos=0 quarentena=0 excluidos=3)
  [itens] 34870246000136-1-000054/2026 -> 3 itens (aceitos=0 quarentena=0 excluidos=3)
  [itens] 34868257000181-1-000049/2026 -> 1 itens (aceitos=0 quarentena=0 excluidos=1)
  [itens] 04199826000182-1-000008/2026 -> 2 itens (aceitos=0 quarentena=0 excluidos=2)
  [itens] 00394452000103-1-014614/2026 -> 10 itens (aceitos=0 quarentena=0 excluidos=10)
  [itens] 34870246000136-1-000055/2026 -> 1 itens (aceitos=0 quarentena=0 excluidos=1)
  [itens] 00508903000188-1-001405/2026 -> 1 itens (aceitos=0 quarentena=0 excluidos=1)
  [itens] 04892707002588-1-000013/2026 -> 10 itens (aceitos=0 quarentena=0 excluidos=10)
  [itens] 05990445000180-1-000013/2026 -> 1 itens (aceitos=0 quarentena=0 excluidos=1)
  [itens] 34868257000181-1-000051/2026 -> 2 itens (aceitos=0 quarentena=0 excluidos=2)
  [itens] 00348003000110-1-000609/2026 -> 1 itens (aceitos=0 quarentena=0 excluidos=1)
  [itens] 00348003000110-1-000611/2026 -> 1 itens (aceitos=0 quarentena=0 excluidos=1)
  [itens] 04199826000182-1-000009/2026 -> 7 itens (aceitos=0 quarentena=0 excluidos=7)
  [itens] 00394452000103-1-014863/2026 -> 1 itens (aceitos=0 quarentena=0 excluidos=1)
  [itens] 34868257000181-1-000053/2026 -> 1 itens (aceitos=0 quarentena=0 excluidos=1)
  [itens] 01754170000124-1-000002/2026 -> 1 itens (aceitos=0 quarentena=0 excluidos=1)
  [itens] 23066640000108-1-000031/2026 -> 1 itens (aceitos=0 quarentena=0 excluidos=1)
  [itens] 34868257000181-1-000054/2026 -> 1 itens (aceitos=0 quarentena=0 excluidos=1)
  [itens] 34868257000181-1-000055/2026 -> 1 itens (aceitos=0 quarentena=0 excluidos=1)
  [itens] 34868257000181-1-000056/2026 -> 1 itens (aceitos=0 quarentena=0 excluidos=1)
  [itens] 34870576000121-1-000073/2026 -> 1 itens (aceitos=0 quarentena=0 excluidos=1)
  [itens] 11633713000109-1-000009/2026 -> 1 itens (aceitos=0 quarentena=0 excluidos=1)
  [itens] 49160565000125-1-000005/2026 -> 1 itens (aceitos=0 quarentena=0 excluidos=1)
  [itens] 00394577000559-1-000004/2026 -> 10 itens (aceitos=1 quarentena=0 excluidos=9)
  [itens] 07231209000105-1-000008/2026 -> 4 itens (aceitos=0 quarentena=0 excluidos=4)
  [itens] 10820882000195-1-000028/2026 -> 1 itens (aceitos=0 quarentena=0 excluidos=1)
  [itens] 34870246000136-1-000066/2026 -> 1 itens (aceitos=0 quarentena=0 excluidos=1)
  [itens] 04892707002588-1-000015/2026 -> 1 itens (aceitos=0 quarentena=0 excluidos=1)
  [itens] 01591392000173-1-000010/2026 -> 2 itens (aceitos=0 quarentena=0 excluidos=2)
  [itens] 34865584000180-1-000010/2026 -> 1 itens (aceitos=0 quarentena=0 excluidos=1)
  [itens] 10820882000195-1-000030/2026 -> 1 itens (aceitos=0 quarentena=0 excluidos=1)
  [itens] 34868257000181-1-000057/2026 -> 1 itens (aceitos=0 quarentena=0 excluidos=1)
  [itens] 34868257000181-1-000058/2026 -> 1 itens (aceitos=0 quarentena=0 excluidos=1)
  [itens] 34865584000180-1-000011/2026 -> 1 itens (aceitos=0 quarentena=0 excluidos=1)
  [itens] 11772847000100-1-000007/2026 -> 1 itens (aceitos=0 quarentena=0 excluidos=1)
  [itens] 14846532000159-1-000008/2026 -> 1 itens (aceitos=0 quarentena=0 excluidos=1)
  [itens] 03689499000184-1-000001/2026 -> 10 itens (aceitos=0 quarentena=0 excluidos=10)
  [itens] 00394494011928-1-000036/2026 -> 1 itens (aceitos=0 quarentena=0 excluidos=1)
  [itens] 28332262000172-1-000002/2026 -> 10 itens (aceitos=0 quarentena=0 excluidos=10)
  [itens] 34865584000180-1-000012/2026 -> 1 itens (aceitos=0 quarentena=0 excluidos=1)
  [itens] 34865584000180-1-000013/2026 -> 1 itens (aceitos=0 quarentena=0 excluidos=1)
  [itens] 04615070000105-1-000007/2026 -> 4 itens (aceitos=0 quarentena=0 excluidos=4)
  [itens] 00394494000136-1-000866/2026 -> 1 itens (aceitos=0 quarentena=0 excluidos=1)
  [itens] 03689499000184-1-000002/2026 -> 1 itens (aceitos=0 quarentena=0 excluidos=1)
  [itens] 23086176000103-1-000019/2026 -> 4 itens (aceitos=0 quarentena=0 excluidos=4)
  [itens] 84408731000160-1-000008/2026 -> 2 itens (aceitos=0 quarentena=0 excluidos=2)
  [itens] 00394577000125-1-000009/2026 -> 1 itens (aceitos=1 quarentena=0 excluidos=0)
  [itens] 05194039000100-1-000006/2026 -> 4 itens (aceitos=0 quarentena=0 excluidos=4)
  [itens] 31443333000119-1-000022/2026 -> 1 itens (aceitos=0 quarentena=0 excluidos=1)
  [itens] 34868257000181-1-000059/2026 -> 1 itens (aceitos=0 quarentena=0 excluidos=1)
  [itens] 00394452000103-1-016979/2026 -> 1 itens (aceitos=0 quarentena=0 excluidos=1)
  [itens] 05194039000100-1-000007/2026 -> 1 itens (aceitos=0 quarentena=0 excluidos=1)
  [itens] 00394577000559-1-000005/2026 -> 1 itens (aceitos=0 quarentena=0 excluidos=1)
  [itens] 11762128000109-1-000008/2026 -> 1 itens (aceitos=0 quarentena=0 excluidos=1)
  [itens] 84408731000160-1-000009/2026 -> 1 itens (aceitos=0 quarentena=0 excluidos=1)
  [itens] 11762128000109-1-000009/2026 -> 1 itens (aceitos=0 quarentena=0 excluidos=1)
  [itens] 10820882000195-1-000031/2026 -> 1 itens (aceitos=0 quarentena=0 excluidos=1)
  [itens] 11762196000178-1-000007/2026 -> 3 itens (aceitos=0 quarentena=0 excluidos=3)
  [itens] 34927343000118-1-000050/2026 -> 5 itens (aceitos=0 quarentena=0 excluidos=5)
  [itens] 34927343000118-1-000051/2026 -> 6 itens (aceitos=1 quarentena=0 excluidos=5)
  [itens] 34868257000181-1-000060/2026 -> 1 itens (aceitos=0 quarentena=0 excluidos=1)
  [itens] 00394577000125-1-000010/2026 -> 9 itens (aceitos=0 quarentena=0 excluidos=9)
  [itens] 34927343000118-1-000052/2026 -> 7 itens (aceitos=0 quarentena=0 excluidos=7)
  [itens] 31443333000119-1-000024/2026 -> 1 itens (aceitos=0 quarentena=0 excluidos=1)
  [itens] 34869354000199-1-000091/2026 -> 1 itens (aceitos=0 quarentena=0 excluidos=1)
  [itens] 04199826000182-1-000010/2026 -> 2 itens (aceitos=0 quarentena=0 excluidos=2)
  [itens] 11762179000130-1-000030/2026 -> 8 itens (aceitos=0 quarentena=0 excluidos=8)
  [itens] 23612685000122-1-000023/2026 -> 1 itens (aceitos=0 quarentena=0 excluidos=1)
  [itens] 05194039000100-1-000008/2026 -> 1 itens (aceitos=0 quarentena=0 excluidos=1)
  [itens] 26989350051888-1-000005/2026 -> 9 itens (aceitos=0 quarentena=0 excluidos=9)
  [itens] 84408731000160-1-000010/2026 -> 2 itens (aceitos=0 quarentena=0 excluidos=2)
  [itens] 17376801000159-1-000009/2026 -> 2 itens (aceitos=0 quarentena=0 excluidos=2)
  [itens] 17376801000159-1-000010/2026 -> 1 itens (aceitos=0 quarentena=0 excluidos=1)
  [itens] 34925222000137-1-000013/2026 -> 1 itens (aceitos=0 quarentena=0 excluidos=1)
  [itens] 00394452000103-1-018712/2026 -> 1 itens (aceitos=0 quarentena=0 excluidos=1)
  [itens] 34869354000199-1-000093/2026 -> 1 itens (aceitos=0 quarentena=0 excluidos=1)
  [itens] 23066640000108-1-000072/2025 -> 1 itens (aceitos=0 quarentena=0 excluidos=1)
  [itens] 34870246000136-1-000072/2026 -> 1 itens (aceitos=0 quarentena=0 excluidos=1)
  [itens] 23086176000103-1-000020/2026 -> 1 itens (aceitos=0 quarentena=0 excluidos=1)
  [itens] 00348003000110-1-000852/2026 -> 1 itens (aceitos=0 quarentena=0 excluidos=1)
  [itens] 00348003000110-1-000854/2026 -> 2 itens (aceitos=0 quarentena=0 excluidos=2)
  [itens] 34925222000137-1-000014/2026 -> 1 itens (aceitos=0 quarentena=0 excluidos=1)
  [itens] 11762179000130-1-000031/2026 -> 8 itens (aceitos=0 quarentena=0 excluidos=8)
  [itens] 84416247000183-1-000011/2026 -> 1 itens (aceitos=0 quarentena=0 excluidos=1)
  [itens] 34865584000180-1-000014/2026 -> 2 itens (aceitos=0 quarentena=0 excluidos=2)
  [itens] 10820882000195-1-000033/2026 -> 3 itens (aceitos=0 quarentena=0 excluidos=3)
  [itens] 34868257000181-1-000065/2026 -> 1 itens (aceitos=0 quarentena=0 excluidos=1)
  [itens] 00394577000206-1-000012/2026 -> 1 itens (aceitos=0 quarentena=0 excluidos=1)
  [itens] 03689499000184-1-000001/2025 -> 1 itens (aceitos=0 quarentena=0 excluidos=1)
  [itens] 34868257000181-1-000066/2026 -> 1 itens (aceitos=0 quarentena=0 excluidos=1)
  [itens] 34868257000181-1-000067/2026 -> 1 itens (aceitos=0 quarentena=0 excluidos=1)
  [itens] 34868257000181-1-000069/2026 -> 1 itens (aceitos=0 quarentena=0 excluidos=1)
  [itens] 34927343000118-1-000058/2026 -> 1 itens (aceitos=0 quarentena=0 excluidos=1)
  [itens] 22918796000107-1-000009/2026 -> 2 itens (aceitos=0 quarentena=0 excluidos=2)
  [itens] 04615070000105-1-000008/2026 -> 10 itens (aceitos=0 quarentena=0 excluidos=10)
  [itens] 34868257000181-1-000070/2026 -> 1 itens (aceitos=0 quarentena=0 excluidos=1)
  [itens] 34868257000181-1-000071/2026 -> 1 itens (aceitos=0 quarentena=0 excluidos=1)
  [itens] 26461699000180-1-000284/2026 -> 10 itens (aceitos=1 quarentena=0 excluidos=9)
  [itens] 34868257000181-1-000072/2026 -> 1 itens (aceitos=0 quarentena=0 excluidos=1)
  [itens] 00394452000103-1-019563/2026 -> 10 itens (aceitos=0 quarentena=0 excluidos=10)
  [itens] 23612685000122-1-000025/2026 -> 1 itens (aceitos=0 quarentena=0 excluidos=1)
  [itens] 03659166002156-1-000072/2026 -> 6 itens (aceitos=0 quarentena=0 excluidos=6)
  [itens] 26461699000180-1-000290/2026 -> 1 itens (aceitos=0 quarentena=0 excluidos=1)
  [itens] 00394577000125-1-000016/2026 -> 3 itens (aceitos=0 quarentena=0 excluidos=3)
  [itens] 00489828000155-1-000499/2026 -> 1 itens (aceitos=0 quarentena=0 excluidos=1)
  [itens] 10820882000195-1-000035/2026 -> 1 itens (aceitos=0 quarentena=0 excluidos=1)
  [itens] 34927343000118-1-000063/2026 -> 1 itens (aceitos=0 quarentena=0 excluidos=1)
  [itens] 34870246000136-1-000079/2026 -> 5 itens (aceitos=0 quarentena=0 excluidos=5)
  [itens] 23612685000122-1-000027/2026 -> 3 itens (aceitos=0 quarentena=0 excluidos=3)
  [itens] 10820882000195-1-000036/2026 -> 1 itens (aceitos=0 quarentena=0 excluidos=1)
  [itens] 05990437000133-1-000021/2025 -> 3 itens (aceitos=0 quarentena=0 excluidos=3)
  [itens] 34870246000136-1-000042/2025 -> 1 itens (aceitos=0 quarentena=0 excluidos=1)
  [itens] 04243026000111-1-000009/2025 -> 1 itens (aceitos=0 quarentena=0 excluidos=1)
  [itens] 00394502002864-1-002625/2025 -> 1 itens (aceitos=0 quarentena=0 excluidos=1)
  [itens] 06023582000108-1-000009/2025 -> 2 itens (aceitos=0 quarentena=0 excluidos=2)
  [itens] 05995766000177-1-000053/2025 -> 1 itens (aceitos=0 quarentena=0 excluidos=1)
  [itens] 07231209000105-1-000017/2025 -> 10 itens (aceitos=0 quarentena=0 excluidos=10)
  [itens] 00394494000136-1-000895/2025 -> 1 itens (aceitos=0 quarentena=0 excluidos=1)
  [itens] 00394502002864-1-002756/2025 -> 7 itens (aceitos=0 quarentena=0 excluidos=7)
  [itens] 00394502002864-1-002757/2025 -> 2 itens (aceitos=0 quarentena=0 excluidos=2)
  [itens] 00394502002864-1-002758/2025 -> 1 itens (aceitos=0 quarentena=0 excluidos=1)
  [itens] 28332262000172-1-000010/2025 -> 9 itens (aceitos=0 quarentena=0 excluidos=9)
  [itens] 34869354000199-1-000096/2025 -> 1 itens (aceitos=0 quarentena=0 excluidos=1)
  [itens] 34869354000199-1-000097/2025 -> 1 itens (aceitos=0 quarentena=0 excluidos=1)
  [itens] 11633713000109-1-000015/2025 -> 10 itens (aceitos=0 quarentena=0 excluidos=10)
  [itens] 11633713000109-1-000016/2025 -> 1 itens (aceitos=0 quarentena=0 excluidos=1)
  [itens] 11762128000109-1-000012/2025 -> 2 itens (aceitos=0 quarentena=0 excluidos=2)
  [itens] 00394544000185-1-001781/2025 -> 1 itens (aceitos=0 quarentena=0 excluidos=1)
  [itens] 10820882000195-1-000033/2025 -> 10 itens (aceitos=6 quarentena=0 excluidos=4)
  [itens] 04615070000105-1-000004/2025 -> 5 itens (aceitos=0 quarentena=0 excluidos=5)
  [itens] 05990437000133-1-000026/2025 -> 10 itens (aceitos=0 quarentena=0 excluidos=10)
  [itens] 00394502002864-1-002924/2025 -> 1 itens (aceitos=0 quarentena=0 excluidos=1)
  [itens] 17376801000159-1-000007/2025 -> 1 itens (aceitos=0 quarentena=0 excluidos=1)
  [itens] 10820882000195-1-000034/2025 -> 1 itens (aceitos=0 quarentena=0 excluidos=1)
  [itens] 22918796000107-1-000007/2025 -> 10 itens (aceitos=0 quarentena=0 excluidos=10)
  [itens] 50956623000100-1-000002/2025 -> 3 itens (aceitos=0 quarentena=0 excluidos=3)
  [itens] 06023862000116-1-000003/2025 -> 1 itens (aceitos=0 quarentena=0 excluidos=1)
  [itens] 22918796000107-1-000008/2025 -> 1 itens (aceitos=0 quarentena=0 excluidos=1)
  [itens] 49751724000166-1-000002/2025 -> 1 itens (aceitos=0 quarentena=0 excluidos=1)
  [itens] 11633713000109-1-000017/2025 -> 1 itens (aceitos=0 quarentena=0 excluidos=1)
  [itens] 10820882000195-1-000036/2025 -> 5 itens (aceitos=0 quarentena=0 excluidos=5)
  [itens] 21744847000150-1-001597/2025 -> 10 itens (aceitos=2 quarentena=0 excluidos=8)
  [itens] 21744847000150-1-001600/2025 -> 1 itens (aceitos=0 quarentena=0 excluidos=1)
  [itens] 34869354000199-1-000100/2025 -> 1 itens (aceitos=0 quarentena=0 excluidos=1)
  [itens] 00508903000188-1-001814/2025 -> 1 itens (aceitos=0 quarentena=0 excluidos=1)
  [itens] 02954346000154-1-000009/2025 -> 1 itens (aceitos=0 quarentena=0 excluidos=1)
  [itens] 26461699000180-1-000243/2025 -> 1 itens (aceitos=0 quarentena=0 excluidos=1)
  [itens] 26461699000180-1-000244/2025 -> 1 itens (aceitos=0 quarentena=0 excluidos=1)
  [itens] 01002322000132-1-000027/2025 -> 6 itens (aceitos=0 quarentena=0 excluidos=6)
  [itens] 07217693000118-1-000002/2025 -> 10 itens (aceitos=0 quarentena=0 excluidos=10)
  [itens] 26461699000180-1-000245/2025 -> 1 itens (aceitos=0 quarentena=0 excluidos=1)
  [itens] 26461699000180-1-000246/2025 -> 1 itens (aceitos=0 quarentena=0 excluidos=1)
  [itens] 05995766000177-1-000061/2025 -> 1 itens (aceitos=0 quarentena=0 excluidos=1)
  [itens] 06023862000116-1-000004/2025 -> 6 itens (aceitos=2 quarentena=0 excluidos=4)
  [itens] 84416247000183-1-000003/2025 -> 1 itens (aceitos=0 quarentena=0 excluidos=1)
  [itens] 11762249000150-1-000002/2025 -> 1 itens (aceitos=0 quarentena=0 excluidos=1)
  [itens] 50791720000190-1-000001/2025 -> 1 itens (aceitos=0 quarentena=0 excluidos=1)
  [itens] 05194039000100-1-000015/2025 -> 10 itens (aceitos=0 quarentena=0 excluidos=10)
  [itens] 34870576000121-1-000083/2025 -> 1 itens (aceitos=0 quarentena=0 excluidos=1)
  [itens] 34870576000121-1-000084/2025 -> 1 itens (aceitos=0 quarentena=0 excluidos=1)
  [itens] 50956623000100-1-000003/2025 -> 2 itens (aceitos=0 quarentena=0 excluidos=2)
  [itens] 03659166001931-1-000144/2025 -> 3 itens (aceitos=0 quarentena=0 excluidos=3)
  [itens] 50791720000190-1-000003/2025 -> 10 itens (aceitos=0 quarentena=0 excluidos=10)
  [itens] 00508903000188-1-001944/2025 -> 1 itens (aceitos=0 quarentena=0 excluidos=1)
=== Fase 3: resultados (itens ACEITOS) ===
=== Coleta completa para o escopo configurado ===

--- STATUS ---
  checkpoint publicacao_janela / concluido: 181
  checkpoint publicacao_janela / sem_registros: 86
  contratacoes: 2607
    itens_status=ok: 2607
  itens: 11221
    classificacao=ACEITO: 268
    classificacao=EXCLUIDO: 10941
    classificacao=QUARENTENA: 12
  resultados: 200
